$start
    @cond := invokeStatic `Foo.cond()I`
    if @cond == 0 then goto $zero else goto $nonzero
$zero
    @a := 23
    goto $joint
$nonzero
    @a_1 := 42
    goto $joint
$joint
    @a_2 := phi @a from $zero, @a_1 from $nonzero
    goto $exit
    catch goto $catch
$catch
    goto $exit
$exit
    return @a_2