$start
    @a := invokeStatic `Foo.bar()I`
    @a_1 := invokeStatic `Foo.baz()I`
    goto $second
    catch java.lang.RuntimeException goto $catch
$second
    @a_2 := invokeStatic `Foo.boo()I`
    goto $end
    catch java.lang.RuntimeException goto $catch
$catch
    @a_3 := phi @a from $start, @a_1 from $start, @a_1 from $second, @a_2 from $second
    @b := 1
    @a_4 := @a_3 + @b as int
    goto $end
$end
    @a_5 := phi @a_2 from $second, @a_4 from $catch
    return @a_5